XXXXXXXXXXXXXXXXXXXXXXXXXXXXXXXXXXXXXXXXX
X  OOOOOOOOOOOOOOOOOOOOOOOOO OOOOOOOOO  X
X xOxOxOxOxOx x xOxOxOxOxOxOxOxOxOxOxOx X
XOO  O OOO OO OO OO OOOOOOOOOOOOOOOOOOOOX
XOxOxOxOxOxOxOxOxOx xOx xOxOx xOx xOxOxOX
XOO OOOOOOO O OOOOOOO OOOOOOOOOOOOOOOOO X
XOxOxOxOxOxOxOxOxOxOxOxOxOxOxOxOxOxOxOxOX
XOOOOOOOOOOOOOO OOOOO OOOOOO OOOO OOOOOOX
XOxOxOxOxOxOxOxOxOxOxOxOxOxOxOxOxOxOxOxOX
XOOOOO OOOOOOOOO OOOOOOOOOOOOOO OOOOOOOOX
XOxOxOxOxOxOxOxOxOxOxOxOxOxOxOxOx xOxOxOX
X OOOOOOOOO OOOOOOOOOOOOOOOOOOOOOO OOOOOX
XOxOxOxOxOxOxOxOxOxOxOxOx xOxOxOxOxOxOxOX
XOOOOOOOOOOOOO OOOOO O OOOOOOOOOOOOOOO OX
XOx xOx xOxOxOx xOxOxOxOxOxOx xOxOxOxOxOX
XOOO OOO OOOOOOOOOOOOOOOO OOOOOOOO OOOOOX
XOxOxOxOxOxOxOxOxOxOxOxOxOxOxOxOxOxOxOxOX
XOOOOOOOO  OOOOOOOOOOOOOOOOOOOOOOOOOOOOOX
XOxOxOxOxOxOxOxOxOxOxOx xOxOxOxOx xOxOxOX
XOOOOOOOOOOO OO OOOOOOOOO OOO OOOOOOOOOOX
XOxOxOxOxOxOxOxOxOxOx xOxOxOxOx xOxOx xOX
XOOOOO OOO OOOOOOOO OO OOO OOOOOOOOOOOOOX
XOxOxOxOxOxOxOxOxOxOxOxOxOxOxOx xOxOxOxOX
XOOOOOOOOOOOOOOO OOOOOOOO O OOOOOOOOOOOOX
XOxOxOxOx xOxOx xOxOxOxOxOxOx x xOxOxOxOX
XOOOOOOOOOOOOOOO OOOOOOO OOOOOOOOOOOOOOOX
XOxOxOxOx xOxOx xOx xOxOx xOxOxOxOxOxOxOX
XOOOO OOOOOOOOOOOOOOOOOOOOOOO OOOOOOOOOOX
XOxOxOxOxOxOxOx xOxOxOxOxOxOxOxOxOxOxOxOX
XO OOOO OO OOOOOOOOOOOOOOOOOOOOOOOOO OOOX
XOxOxOxOxOx xOxOx xOxOxOx xOxOxOxOxOxOxOX
XOOOOOOOOOOOOOOOOOOOOO OO O OOO OO OOOO X
XOxOxOx xOxOxOxOxOxOxOxOx xOxOxOxOx xOxOX
X  OOOOOOOOOOOOOOOOOOOOOOOO OOOOOO  OO OX
XOxOxOxOxOxOxOxOxOxOx xOxOx xOxOxOx xOxOX
XOOOO OOOOOOOOOOOOOOO OOO OOOOOOOOOOOOOOX
XOxOxOxOxOxOx xOxOxOxOxOxOxOxOxOxOxOxOxOX
XOOOO OOO OOOOOOO OOOOOOO OO OOOOOOOOO OX
X xOxOxOxOxOxOxOxOxOxOxOxOxOx xOxOxOx x X
X  OOOOOO OOOOOOOOOOOOOOOOOOOOOOOOOO    X
XXXXXXXXXXXXXXXXXXXXXXXXXXXXXXXXXXXXXXXXX
